// Jest Snapshot v1, https://goo.gl/fbAQLP

exports[`App Component App should match the snapshot 1`] = `"<p>Loading...</p>"`;

exports[`Unit Tests App should match the snapshot 1`] = `"<p>Loading...</p>"`;
